
> medscribe-live-frontend@0.1.0 dev
> vite --host 127.0.0.1


  VITE v5.4.21  ready in 8148 ms

  ➜  Local:   http://127.0.0.1:5173/
  ➜  press h + enter to show help
11:52:44 am [vite] hmr update /src/pages/SessionsPage.tsx, /src/index.css
11:52:44 am [vite] page reload index.html
11:52:45 am [vite] hmr update /src/pages/SettingsPage.tsx, /src/index.css
11:52:45 am [vite] hmr update /src/index.css, /src/pages/GMeetRecordPage.tsx
11:52:45 am [vite] page reload index.html
11:52:45 am [vite] hmr update /src/pages/SessionsPage.tsx, /src/index.css
11:52:45 am [vite] hmr update /src/index.css, /src/pages/GMeetRecordPage.tsx
11:52:46 am [vite] hmr update /src/components/session/SessionBar.tsx, /src/index.css
11:52:46 am [vite] page reload src/tests/fixtures.ts
11:52:46 am [vite] hmr update /src/index.css, /src/components/layout/AppLayout.tsx, /src/pages/NewSessionPage.tsx, /src/pages/SessionsPage.tsx, /src/pages/SessionDetailPage.tsx, /src/pages/ReviewPage.tsx, /src/pages/DashboardPage.tsx, /src/pages/GMeetRecordPage.tsx, /src/components/ui/primitives.tsx, /src/components/session/ClinicalNotePanel.tsx, /src/components/session/IntelligencePanel.tsx, /src/components/session/SpeakerRoster.tsx, /src/components/session/TranscriptPanel.tsx, /src/components/session/EvidenceViewer.tsx, /src/pages/LiveSessionPage.tsx, /src/pages/SettingsPage.tsx, /src/components/ui/ToastHost.tsx, /src/components/session/SessionBar.tsx
11:52:46 am [vite] hmr update /src/components/layout/AppLayout.tsx, /src/index.css
11:52:46 am [vite] page reload src/types/index.ts
11:52:46 am [vite] hmr update /src/App.tsx, /src/index.css
11:52:47 am [vite] hmr update /src/index.css, /src/pages/LiveSessionPage.tsx, /src/pages/ReviewPage.tsx, /src/pages/GMeetRecordPage.tsx
11:52:47 am [vite] hmr update /src/pages/SettingsPage.tsx, /src/index.css
11:52:47 am [vite] hmr update /src/pages/DashboardPage.tsx, /src/index.css
11:52:47 am [vite] hmr update /src/pages/LiveSessionPage.tsx, /src/index.css
11:52:47 am [vite] hmr update /src/pages/GMeetRecordPage.tsx, /src/index.css
11:52:47 am [vite] hmr update /src/pages/ReviewPage.tsx, /src/index.css
11:52:47 am [vite] hmr update /src/pages/NewSessionPage.tsx, /src/index.css
11:52:47 am [vite] hmr update /src/components/session/ClinicalNotePanel.tsx, /src/index.css
11:52:47 am [vite] hmr update /src/components/session/SessionBar.tsx, /src/index.css
11:52:47 am [vite] page reload src/tests/GMeetRecordPage.test.tsx
11:52:47 am [vite] page reload src/tests/useMeetTabCapture.test.ts
11:52:47 am [vite] page reload src/tests/fixtures.ts
11:52:47 am [vite] hmr update /src/index.css, /src/components/layout/AppLayout.tsx, /src/pages/NewSessionPage.tsx, /src/pages/SessionsPage.tsx, /src/pages/SessionDetailPage.tsx, /src/pages/ReviewPage.tsx, /src/pages/DashboardPage.tsx, /src/pages/GMeetRecordPage.tsx, /src/components/ui/primitives.tsx, /src/components/session/ClinicalNotePanel.tsx, /src/components/session/IntelligencePanel.tsx, /src/components/session/SpeakerRoster.tsx, /src/components/session/TranscriptPanel.tsx, /src/components/session/EvidenceViewer.tsx, /src/pages/LiveSessionPage.tsx, /src/pages/SettingsPage.tsx, /src/components/ui/ToastHost.tsx, /src/components/session/SessionBar.tsx
11:52:47 am [vite] hmr update /src/components/layout/AppLayout.tsx, /src/index.css
11:52:47 am [vite] hmr update /src/pages/DashboardPage.tsx, /src/index.css
11:52:47 am [vite] hmr update /src/pages/LiveSessionPage.tsx, /src/index.css
11:52:47 am [vite] page reload src/types/index.ts
11:52:47 am [vite] hmr update /src/App.tsx, /src/index.css
11:52:47 am [vite] hmr update /src/index.css, /src/pages/LiveSessionPage.tsx, /src/pages/ReviewPage.tsx, /src/pages/GMeetRecordPage.tsx
11:52:47 am [vite] page reload src/tests/GMeetRecordPage.test.tsx
11:52:47 am [vite] page reload src/tests/useMeetTabCapture.test.ts
11:52:47 am [vite] hmr update /src/pages/GMeetRecordPage.tsx, /src/index.css
11:52:47 am [vite] hmr update /src/pages/ReviewPage.tsx, /src/index.css
11:52:47 am [vite] hmr update /src/pages/NewSessionPage.tsx, /src/index.css
12:44:07 pm [vite] page reload src/tests/fixtures.ts
1:16:39 pm [vite] hmr update /src/components/session/SpeakerRoster.tsx, /src/index.css
1:16:45 pm [vite] page reload src/tests/SpeakerRoster.test.tsx
1:34:45 pm [vite] hmr update /src/index.css, /src/pages/GMeetRecordPage.tsx
1:34:45 pm [vite] hmr update /src/index.css, /src/pages/GMeetRecordPage.tsx
1:34:53 pm [vite] hmr update /src/index.css, /src/pages/GMeetRecordPage.tsx
1:35:09 pm [vite] hmr update /src/index.css, /src/pages/GMeetRecordPage.tsx
1:35:20 pm [vite] hmr update /src/index.css, /src/pages/GMeetRecordPage.tsx
1:35:31 pm [vite] hmr update /src/index.css, /src/pages/GMeetRecordPage.tsx
1:35:59 pm [vite] hmr update /src/pages/GMeetRecordPage.tsx, /src/index.css
1:35:59 pm [vite] hmr update /src/pages/GMeetRecordPage.tsx, /src/index.css
1:36:17 pm [vite] hmr update /src/index.css, /src/pages/GMeetRecordPage.tsx
