11:52:51 am [vite] ws proxy socket error:
Error: read ECONNRESET
    at TCP.onStreamRead (node:internal/stream_base_commons:216:20)
12:14:47 pm [vite] ws proxy socket error:
Error: write ECONNABORTED
    at afterWriteDispatched (node:internal/stream_base_commons:159:15)
    at writeGeneric (node:internal/stream_base_commons:150:3)
    at Socket._writeGeneric (node:net:1025:11)
    at Socket._write (node:net:1037:8)
    at writeOrBuffer (node:internal/streams/writable:572:12)
    at _write (node:internal/streams/writable:501:10)
    at Writable.write (node:internal/streams/writable:510:10)
    at Socket.ondata (node:internal/streams/readable:1022:24)
    at Socket.emit (node:events:509:20)
    at addChunk (node:internal/streams/readable:568:12)
    at readableAddChunkPushByteMode (node:internal/streams/readable:519:3)
    at Readable.push (node:internal/streams/readable:399:5)
    at TCP.onStreamRead (node:internal/stream_base_commons:189:23)
12:14:47 pm [vite] ws proxy socket error:
Error: write ECONNABORTED
    at afterWriteDispatched (node:internal/stream_base_commons:159:15)
    at writeGeneric (node:internal/stream_base_commons:150:3)
    at Socket._writeGeneric (node:net:1025:11)
    at Socket._write (node:net:1037:8)
    at writeOrBuffer (node:internal/streams/writable:572:12)
    at _write (node:internal/streams/writable:501:10)
    at Writable.write (node:internal/streams/writable:510:10)
    at Socket.ondata (node:internal/streams/readable:1022:24)
    at Socket.emit (node:events:509:20)
    at addChunk (node:internal/streams/readable:568:12)
    at readableAddChunkPushByteMode (node:internal/streams/readable:519:3)
    at Readable.push (node:internal/streams/readable:399:5)
    at TCP.onStreamRead (node:internal/stream_base_commons:189:23)
