Collecting faster-whisper>=1.0.3
  Using cached faster_whisper-1.2.1-py3-none-any.whl.metadata (16 kB)
Collecting ctranslate2<5,>=4.0 (from faster-whisper>=1.0.3)
  Using cached ctranslate2-4.8.1-cp314-cp314-win_amd64.whl.metadata (11 kB)
Collecting huggingface-hub>=0.21 (from faster-whisper>=1.0.3)
  Using cached huggingface_hub-1.28.0-py3-none-any.whl.metadata (16 kB)
Collecting tokenizers<1,>=0.13 (from faster-whisper>=1.0.3)
  Using cached tokenizers-0.23.1-cp310-abi3-win_amd64.whl.metadata (10 kB)
Collecting onnxruntime<2,>=1.14 (from faster-whisper>=1.0.3)
  Using cached onnxruntime-1.29.0-cp314-cp314-win_amd64.whl.metadata (5.8 kB)
Collecting av>=11 (from faster-whisper>=1.0.3)
  Using cached av-18.1.0-cp311-abi3-win_amd64.whl.metadata (5.1 kB)
Requirement already satisfied: tqdm in .\.venv\Lib\site-packages (from faster-whisper>=1.0.3) (4.70.0)
Requirement already satisfied: setuptools in .\.venv\Lib\site-packages (from ctranslate2<5,>=4.0->faster-whisper>=1.0.3) (84.0.0)
Requirement already satisfied: numpy in .\.venv\Lib\site-packages (from ctranslate2<5,>=4.0->faster-whisper>=1.0.3) (2.5.2)
Requirement already satisfied: pyyaml<7,>=5.3 in .\.venv\Lib\site-packages (from ctranslate2<5,>=4.0->faster-whisper>=1.0.3) (6.0.3)
Requirement already satisfied: flatbuffers in .\.venv\Lib\site-packages (from onnxruntime<2,>=1.14->faster-whisper>=1.0.3) (25.12.19)
Requirement already satisfied: packaging in .\.venv\Lib\site-packages (from onnxruntime<2,>=1.14->faster-whisper>=1.0.3) (26.3)
Requirement already satisfied: protobuf>=4.25.8 in .\.venv\Lib\site-packages (from onnxruntime<2,>=1.14->faster-whisper>=1.0.3) (7.36.0)
Requirement already satisfied: click<9.0.0,>=8.4.2 in .\.venv\Lib\site-packages (from huggingface-hub>=0.21->faster-whisper>=1.0.3) (8.4.2)
Collecting filelock>=3.10.0 (from huggingface-hub>=0.21->faster-whisper>=1.0.3)
  Using cached filelock-3.32.3-py3-none-any.whl.metadata (2.0 kB)
Collecting fsspec>=2023.5.0 (from huggingface-hub>=0.21->faster-whisper>=1.0.3)
  Using cached fsspec-2026.7.0-py3-none-any.whl.metadata (10 kB)
Collecting hf-xet<2.0.0,>=1.5.2 (from huggingface-hub>=0.21->faster-whisper>=1.0.3)
  Using cached hf_xet-1.6.0-cp38-abi3-win_amd64.whl.metadata (4.9 kB)
Requirement already satisfied: httpx<1,>=0.23.0 in .\.venv\Lib\site-packages (from huggingface-hub>=0.21->faster-whisper>=1.0.3) (0.28.1)
Requirement already satisfied: typing-extensions>=4.1.0 in .\.venv\Lib\site-packages (from huggingface-hub>=0.21->faster-whisper>=1.0.3) (4.16.0)
Requirement already satisfied: colorama in .\.venv\Lib\site-packages (from click<9.0.0,>=8.4.2->huggingface-hub>=0.21->faster-whisper>=1.0.3) (0.4.6)
Requirement already satisfied: anyio in .\.venv\Lib\site-packages (from httpx<1,>=0.23.0->huggingface-hub>=0.21->faster-whisper>=1.0.3) (4.14.2)
Requirement already satisfied: certifi in .\.venv\Lib\site-packages (from httpx<1,>=0.23.0->huggingface-hub>=0.21->faster-whisper>=1.0.3) (2026.7.22)
Requirement already satisfied: httpcore==1.* in .\.venv\Lib\site-packages (from httpx<1,>=0.23.0->huggingface-hub>=0.21->faster-whisper>=1.0.3) (1.0.9)
Requirement already satisfied: idna in .\.venv\Lib\site-packages (from httpx<1,>=0.23.0->huggingface-hub>=0.21->faster-whisper>=1.0.3) (3.19)
Requirement already satisfied: h11>=0.16 in .\.venv\Lib\site-packages (from httpcore==1.*->httpx<1,>=0.23.0->huggingface-hub>=0.21->faster-whisper>=1.0.3) (0.16.0)
Using cached faster_whisper-1.2.1-py3-none-any.whl (1.1 MB)
Using cached ctranslate2-4.8.1-cp314-cp314-win_amd64.whl (19.5 MB)
Using cached onnxruntime-1.29.0-cp314-cp314-win_amd64.whl (14.4 MB)
Using cached tokenizers-0.23.1-cp310-abi3-win_amd64.whl (2.8 MB)
Using cached huggingface_hub-1.28.0-py3-none-any.whl (793 kB)
Using cached hf_xet-1.6.0-cp38-abi3-win_amd64.whl (4.0 MB)
Using cached av-18.1.0-cp311-abi3-win_amd64.whl (27.6 MB)
Using cached filelock-3.32.3-py3-none-any.whl (98 kB)
Using cached fsspec-2026.7.0-py3-none-any.whl (206 kB)
Installing collected packages: onnxruntime, hf-xet, fsspec, filelock, ctranslate2, av, huggingface-hub, tokenizers, faster-whisper

Successfully installed av-18.1.0 ctranslate2-4.8.1 faster-whisper-1.2.1 filelock-3.32.3 fsspec-2026.7.0 hf-xet-1.6.0 huggingface-hub-1.28.0 onnxruntime-1.29.0 tokenizers-0.23.1
